<html>
<body>
<pre>
<h1>µVision Build Log</h1>
<h2>Tool Versions:</h2>
IDE-Version: µVision V5.37.0.0
Copyright (C) 2022 ARM Ltd and ARM Germany GmbH. All rights reserved.
License Information: kirollos ashraf, ain shams university, LIC=----
 
Tool Versions:
Toolchain:       MDK-Lite  Version: 5.37.0.0
Toolchain Path:  C:\Keil_v5\ARM\ARMCLANG\Bin
C Compiler:      ArmClang.exe V6.18
Assembler:       Armasm.exe V6.18
Linker/Locator:  ArmLink.exe V6.18
Library Manager: ArmAr.exe V6.18
Hex Converter:   FromElf.exe V6.18
CPU DLL:         SARMCM3.DLL V5.37.0.0
Dialog DLL:      DCM.DLL V1.17.5.0
Target DLL:      lmidk-agdi.dll V???
Dialog DLL:      TCM.DLL V1.56.1.0
 
<h2>Project:</h2>
E:\FOEASU\4th Computer\First term\RTOS\project\SnakeGame\SnakeGame.uvprojx
Project File Date:  01/28/2023

<h2>Output:</h2>
*** Using Compiler 'V6.18', folder: 'C:\Keil_v5\ARM\ARMCLANG\Bin'
Rebuild target 'TM4C123GH6PM'
compiling port.c...
compiling main.c...
compiling heap_4.c...
compiling list.c...
compiling timers.c...
compiling queue.c...
compiling tasks.c...
compiling system_TM4C123.c...
compiling uart.c...
compiling gameTasks.c...
compiling game.c...
assembling startup_TM4C123.s...
linking...
Program Size: Code=16882 RO-data=1334 RW-data=12 ZI-data=14100  
".\Objects\SnakeGame.axf" - 0 Error(s), 0 Warning(s).

<h2>Software Packages used:</h2>

Package Vendor: Keil
                http://www.keil.com/pack/Keil.TM4C_DFP.1.1.0.pack
                Keil.TM4C_DFP.1.1.0
                Texas Instruments Tiva C Series Device Support and Examples
   * Component: Startup Version: 1.0.1

<h2>Collection of Component include folders:</h2>
  ./RTE/_TM4C123GH6PM
  C:/Users/kirol/AppData/Local/Arm/Packs/Keil/TM4C_DFP/1.1.0/Device/Include/TM4C123

<h2>Collection of Component Files used:</h2>

   * Component: Keil::Device:Startup:1.0.1
      Include file:  Device/Include/TM4C123/TM4C123.h
      Source file:   Device/Source/system_TM4C123.c
      Source file:   Device/Source/ARM/startup_TM4C123.s
Build Time Elapsed:  00:00:03
</pre>
</body>
</html>
